This file contains any messages produced by compilers while
running configure, to aid debugging if configure makes a mistake.

It was created by expat configure 2.8.3, which was
generated by GNU Autoconf 2.72.  Invocation command line was

  $ ./configure

## --------- ##
## Platform. ##
## --------- ##

hostname = fedora
uname -m = x86_64
uname -r = 7.1.7-100.fc43.x86_64
uname -s = Linux
uname -v = #1 SMP PREEMPT_DYNAMIC Thu Aug  6 22:14:08 UTC 2026

/usr/bin/uname -p = unknown
/bin/uname -X     = unknown

/bin/arch              = x86_64
/usr/bin/arch -k       = unknown
/usr/convex/getsysinfo = unknown
/usr/bin/hostinfo      = unknown
/bin/machine           = unknown
/usr/bin/oslevel       = unknown
/bin/universe          = unknown

PATH: /home/josh/.local/share/pnpm/
PATH: /usr/lib64/ccache/
PATH: /home/josh/.cargo/bin/
PATH: /usr/local/bin/
PATH: /usr/bin/
PATH: /bin/
PATH: /usr/sbin/
PATH: /home/josh/.local/bin/
PATH: /home/josh/.local/share/cargo/bin/
PATH: /home/josh/.local/bin/
PATH: /home/josh/.local/share/cargo/bin/


## ----------- ##
## Core tests. ##
## ----------- ##

configure:3151: looking for aux files: ltmain.sh compile ar-lib missing install-sh config.guess config.sub
configure:3164:  trying ./conftools/
configure:3193:   ./conftools/ltmain.sh found
configure:3193:   ./conftools/compile found
configure:3193:   ./conftools/ar-lib found
configure:3193:   ./conftools/missing found
configure:3175:   ./conftools/install-sh found
configure:3193:   ./conftools/config.guess found
configure:3193:   ./conftools/config.sub found
configure:3317: checking build system type
configure:3333: result: x86_64-pc-linux-gnu
configure:3353: checking host system type
configure:3368: result: x86_64-pc-linux-gnu
configure:3405: checking for a BSD-compatible install
configure:3479: result: /usr/bin/install -c
configure:3490: checking whether sleep supports fractional seconds
configure:3506: result: yes
configure:3509: checking filesystem timestamp resolution
configure:3644: result: 0.01
configure:3649: checking whether build environment is sane
configure:3694: result: yes
configure:3865: checking for a race-free mkdir -p
configure:3908: result: /usr/bin/mkdir -p
configure:3915: checking for gawk
configure:3936: found /usr/bin/gawk
configure:3948: result: gawk
configure:3959: checking whether make sets $(MAKE)
configure:3983: result: yes
configure:4009: checking whether make supports nested variables
configure:4028: result: yes
configure:4042: checking xargs -n works
configure:4058: result: yes
configure:4143: checking whether UID '1000' is supported by ustar format
configure:4149: result: yes
configure:4156: checking whether GID '1000' is supported by ustar format
configure:4162: result: yes
configure:4170: checking how to create a ustar tar archive
configure:4181: tar --version
tar (GNU tar) 1.35
Copyright (C) 2023 Free Software Foundation, Inc.
License GPLv3+: GNU GPL version 3 or later <https://gnu.org/licenses/gpl.html>.
This is free software: you are free to change and redistribute it.
There is NO WARRANTY, to the extent permitted by law.

Written by John Gilmore and Jay Fenlason.
configure:4184: $? = 0
configure:4224: tardir=conftest.dir && eval tar --format=ustar -chf - "$tardir" >conftest.tar
configure:4227: $? = 0
configure:4231: tar -xf - <conftest.tar
configure:4234: $? = 0
configure:4236: cat conftest.dir/file
GrepMe
configure:4239: $? = 0
configure:4254: result: gnutar
configure:4281: checking whether to enable maintainer-specific portions of Makefiles
configure:4292: result: yes
configure:4330: checking whether make supports the include directive
configure:4345: make -f confmf.GNU && cat confinc.out
this is the am__doit target
configure:4348: $? = 0
configure:4367: result: yes (GNU style)
configure:4444: checking for gcc
configure:4465: found /usr/lib64/ccache/gcc
configure:4477: result: gcc
configure:4836: checking for C compiler version
configure:4845: gcc --version >&5
gcc (GCC) 15.3.1 20260722 (Red Hat 15.3.1-1)
Copyright (C) 2025 Free Software Foundation, Inc.
This is free software; see the source for copying conditions.  There is NO
warranty; not even for MERCHANTABILITY or FITNESS FOR A PARTICULAR PURPOSE.

configure:4856: $? = 0
configure:4845: gcc -v >&5
Using built-in specs.
COLLECT_GCC=/usr/bin/gcc
COLLECT_LTO_WRAPPER=/usr/libexec/gcc/x86_64-redhat-linux/15/lto-wrapper
OFFLOAD_TARGET_NAMES=nvptx-none:amdgcn-amdhsa
OFFLOAD_TARGET_DEFAULT=1
Target: x86_64-redhat-linux
Configured with: ../configure --enable-bootstrap --enable-languages=c,c++,fortran,objc,obj-c++,ada,go,d,m2,cobol,lto --prefix=/usr --mandir=/usr/share/man --infodir=/usr/share/info --with-bugurl=https://bugzilla.redhat.com/ --enable-shared --enable-threads=posix --enable-checking=release --enable-multilib --with-system-zlib --enable-__cxa_atexit --disable-libunwind-exceptions --enable-gnu-unique-object --enable-linker-build-id --with-gcc-major-version-only --enable-libstdcxx-backtrace --with-libstdcxx-zoneinfo=/usr/share/zoneinfo --with-linker-hash-style=gnu --enable-plugin --enable-initfini-array --with-isl=/builddir/build/BUILD/gcc-15.3.1-build/gcc-15.3.1-20260722/obj-x86_64-redhat-linux/isl-install --enable-offload-targets=nvptx-none,amdgcn-amdhsa --enable-offload-defaulted --without-cuda-driver --enable-gnu-indirect-function --enable-cet --with-tune=generic --with-arch_32=i686 --build=x86_64-redhat-linux --with-build-config=bootstrap-lto --enable-link-serialization=1 --disable-libssp
Thread model: posix
Supported LTO compression algorithms: zlib zstd
gcc version 15.3.1 20260722 (Red Hat 15.3.1-1) (GCC) 
... rest of stderr output deleted ...
configure:4856: $? = 0
configure:4845: gcc -V >&5
gcc: error: unrecognized command-line option '-V'
gcc: fatal error: no input files
compilation terminated.
configure:4856: $? = 1
configure:4845: gcc -qversion >&5
gcc: error: unrecognized command-line option '-qversion'; did you mean '--version'?
gcc: fatal error: no input files
compilation terminated.
configure:4856: $? = 1
configure:4845: gcc -version >&5
gcc: error: unrecognized command-line option '-version'
gcc: fatal error: no input files
compilation terminated.
configure:4856: $? = 1
configure:4876: checking whether the C compiler works
configure:4898: gcc    conftest.c  >&5
configure:4902: $? = 0
configure:4953: result: yes
configure:4957: checking for C compiler default output file name
configure:4959: result: a.out
configure:4965: checking for suffix of executables
configure:4972: gcc -o conftest    conftest.c  >&5
configure:4976: $? = 0
configure:5000: result: 
configure:5024: checking whether we are cross compiling
configure:5032: gcc -o conftest    conftest.c  >&5
configure:5036: $? = 0
configure:5043: ./conftest
configure:5047: $? = 0
configure:5062: result: no
configure:5068: checking for suffix of object files
configure:5091: gcc -c   conftest.c >&5
configure:5095: $? = 0
configure:5119: result: o
configure:5123: checking whether the compiler supports GNU C
configure:5143: gcc -c   conftest.c >&5
configure:5143: $? = 0
configure:5155: result: yes
configure:5166: checking whether gcc accepts -g
configure:5187: gcc -c -g  conftest.c >&5
configure:5187: $? = 0
configure:5234: result: yes
configure:5254: checking for gcc option to enable C11 features
configure:5269: gcc  -c -g -O2  conftest.c >&5
configure:5269: $? = 0
configure:5288: result: none needed
configure:5412: checking whether gcc understands -c and -o together
configure:5435: gcc -c conftest.c -o conftest2.o
configure:5438: $? = 0
configure:5435: gcc -c conftest.c -o conftest2.o
configure:5438: $? = 0
configure:5454: result: yes
configure:5473: checking dependency style of gcc
configure:5586: result: gcc3
configure:5658: checking for ar
configure:5679: found /usr/bin/ar
configure:5691: result: ar
configure:5718: checking the archiver (ar) interface
configure:5735: gcc -c -g -O2  conftest.c >&5
configure:5735: $? = 0
configure:5738: ar cr libconftest.a conftest.o >&5
configure:5741: $? = 0
configure:5770: result: ar
configure:5791: checking whether make sets $(MAKE)
configure:5815: result: yes
configure:5873: checking how to print strings
configure:5900: result: printf
configure:5921: checking for a sed that does not truncate output
configure:5993: result: /usr/bin/sed
configure:6011: checking for grep that handles long lines and -e
configure:6077: result: /usr/bin/grep
configure:6082: checking for egrep
configure:6152: result: /usr/bin/grep -E
configure:6159: checking for fgrep
configure:6229: result: /usr/bin/grep -F
configure:6266: checking for ld used by gcc
configure:6335: result: /usr/bin/ld
configure:6342: checking if the linker (/usr/bin/ld) is GNU ld
configure:6359: result: yes
configure:6371: checking for BSD- or MS-compatible name lister (nm)
configure:6427: result: /usr/bin/nm -B
configure:6569: checking the name lister (/usr/bin/nm -B) interface
configure:6577: gcc -c -g -O2  conftest.c >&5
configure:6580: /usr/bin/nm -B "conftest.o"
configure:6583: output
0000000000000000 B some_variable
configure:6591: result: BSD nm
configure:6594: checking whether ln -s works
configure:6598: result: yes
configure:6606: checking the maximum length of command line arguments
configure:6739: result: 1572864
configure:6787: checking how to convert x86_64-pc-linux-gnu file names to x86_64-pc-linux-gnu format
configure:6829: result: func_convert_file_noop
configure:6836: checking how to convert x86_64-pc-linux-gnu file names to toolchain format
configure:6858: result: func_convert_file_noop
configure:6865: checking for /usr/bin/ld option to reload object files
configure:6874: result: -r
configure:6907: checking for file
configure:6928: found /usr/bin/file
configure:6941: result: file
configure:7004: checking for objdump
configure:7025: found /usr/bin/objdump
configure:7037: result: objdump
configure:7066: checking how to recognize dependent libraries
configure:7275: result: pass_all
configure:7366: checking for dlltool
configure:7402: result: no
configure:7429: checking how to associate runtime and link libraries
configure:7458: result: printf %s\n
configure:7518: checking for ranlib
configure:7539: found /usr/bin/ranlib
configure:7551: result: ranlib
configure:7714: checking for archiver @FILE support
configure:7732: gcc -c -g -O2  conftest.c >&5
configure:7732: $? = 0
configure:7736: ar cr libconftest.a @conftest.lst >&5
configure:7739: $? = 0
configure:7744: ar cr libconftest.a @conftest.lst >&5
ar: conftest.o: No such file or directory
configure:7747: $? = 1
configure:7760: result: @
configure:7824: checking for strip
configure:7845: found /usr/bin/strip
configure:7857: result: strip
configure:7960: checking command to parse /usr/bin/nm -B output from gcc object
configure:8114: gcc -c -g -O2  conftest.c >&5
configure:8117: $? = 0
configure:8121: /usr/bin/nm -B conftest.o | /usr/bin/sed -n -e 's/^.*[	 ]\([ABCDGIRSTW][ABCDGIRSTW]*\)[	 ][	 ]*\([_A-Za-z][_A-Za-z0-9]*\)$/\1 \2 \2/p' | /usr/bin/sed '/ __gnu_lto/d' > conftest.nm
configure:8187: gcc -o conftest -g -O2   conftest.c conftstm.o >&5
configure:8190: $? = 0
configure:8229: result: ok
configure:8276: checking for sysroot
configure:8310: result: no
configure:8317: checking for a working dd
configure:8362: result: /usr/bin/dd
configure:8366: checking how to truncate binary pipes
configure:8383: result: /usr/bin/dd bs=4096 count=1
configure:8520: gcc -c -g -O2  conftest.c >&5
configure:8523: $? = 0
configure:8723: checking for mt
configure:8759: result: no
configure:8779: checking if : is a manifest tool
configure:8786: : '-?'
configure:8795: result: no
configure:9592: checking for stdio.h
configure:9592: gcc -c -g -O2  conftest.c >&5
configure:9592: $? = 0
configure:9592: result: yes
configure:9592: checking for stdlib.h
configure:9592: gcc -c -g -O2  conftest.c >&5
configure:9592: $? = 0
configure:9592: result: yes
configure:9592: checking for string.h
configure:9592: gcc -c -g -O2  conftest.c >&5
configure:9592: $? = 0
configure:9592: result: yes
configure:9592: checking for inttypes.h
configure:9592: gcc -c -g -O2  conftest.c >&5
configure:9592: $? = 0
configure:9592: result: yes
configure:9592: checking for stdint.h
configure:9592: gcc -c -g -O2  conftest.c >&5
configure:9592: $? = 0
configure:9592: result: yes
configure:9592: checking for strings.h
configure:9592: gcc -c -g -O2  conftest.c >&5
configure:9592: $? = 0
configure:9592: result: yes
configure:9592: checking for sys/stat.h
configure:9592: gcc -c -g -O2  conftest.c >&5
configure:9592: $? = 0
configure:9592: result: yes
configure:9592: checking for sys/types.h
configure:9592: gcc -c -g -O2  conftest.c >&5
configure:9592: $? = 0
configure:9592: result: yes
configure:9592: checking for unistd.h
configure:9592: gcc -c -g -O2  conftest.c >&5
configure:9592: $? = 0
configure:9592: result: yes
configure:9592: checking for sys/param.h
configure:9592: gcc -c -g -O2  conftest.c >&5
configure:9592: $? = 0
configure:9592: result: yes
configure:9617: checking for dlfcn.h
configure:9617: gcc -c -g -O2  conftest.c >&5
configure:9617: $? = 0
configure:9617: result: yes
configure:10254: checking for objdir
configure:10271: result: .libs
configure:10537: checking if gcc supports -fno-rtti -fno-exceptions
configure:10556: gcc -c -g -O2  -fno-rtti -fno-exceptions conftest.c >&5
cc1: warning: command-line option '-fno-rtti' is valid for C++/D/ObjC++ but not for C
configure:10560: $? = 0
configure:10574: result: no
configure:10947: checking for gcc option to produce PIC
configure:10956: result: -fPIC -DPIC
configure:10964: checking if gcc PIC flag -fPIC -DPIC works
configure:10983: gcc -c -g -O2  -fPIC -DPIC -DPIC conftest.c >&5
configure:10987: $? = 0
configure:11001: result: yes
configure:11030: checking if gcc static flag -static works
configure:11060: result: no
configure:11075: checking if gcc supports -c -o file.o
configure:11097: gcc -c -g -O2  -o out/conftest2.o conftest.c >&5
configure:11101: $? = 0
configure:11124: result: yes
configure:11132: checking if gcc supports -c -o file.o
configure:11181: result: yes
configure:11214: checking whether the gcc linker (/usr/bin/ld -m elf_x86_64) supports shared libraries
configure:12498: result: yes
configure:12535: checking whether -lc should be explicitly linked in
configure:12544: gcc -c -g -O2  conftest.c >&5
configure:12547: $? = 0
configure:12562: gcc -shared  -fPIC -DPIC conftest.o  -v -Wl,-soname -Wl,conftest -o conftest 2\>\&1 \| /usr/bin/grep  -lc  \>/dev/null 2\>\&1
configure:12565: $? = 0
configure:12580: result: no
configure:12740: checking dynamic linker characteristics
configure:13372: gcc -o conftest -g -O2   -Wl,-rpath -Wl,/foo conftest.c  >&5
configure:13372: $? = 0
configure:14137: result: GNU/Linux ld.so
configure:14259: checking how to hardcode library paths into programs
configure:14284: result: immediate
configure:14884: checking whether stripping libraries is possible
configure:14893: result: yes
configure:14935: checking if libtool supports shared libraries
configure:14937: result: yes
configure:14940: checking whether to build shared libraries
configure:14965: result: yes
configure:14968: checking whether to build static libraries
configure:14972: result: yes
configure:15035: checking whether C compiler accepts -Wall
configure:15048: gcc -c -g -O2  -Werror -Wall  conftest.c >&5
configure:15048: $? = 0
configure:15060: result: yes
configure:15089: : AM_CFLAGS="$AM_CFLAGS"
configure:15092: $? = 0
configure:15035: checking whether C compiler accepts -Wextra
configure:15048: gcc -c -g -O2  -Werror -Wextra  conftest.c >&5
configure:15048: $? = 0
configure:15060: result: yes
configure:15078: : AM_CFLAGS="$AM_CFLAGS"
configure:15081: $? = 0
configure:15111: checking whether C compiler accepts -fexceptions
configure:15124: gcc -c -g -O2  -Werror -fexceptions  conftest.c >&5
configure:15124: $? = 0
configure:15136: result: yes
configure:15154: : AM_CFLAGS="$AM_CFLAGS"
configure:15157: $? = 0
configure:15187: checking whether C compiler accepts -Wstrict-aliasing=3
configure:15200: gcc -c -g -O2  -Werror -Wstrict-aliasing=3  conftest.c >&5
configure:15200: $? = 0
configure:15212: result: yes
configure:15230: : AM_CFLAGS="$AM_CFLAGS"
configure:15233: $? = 0
configure:15187: checking whether C compiler accepts -Wmissing-prototypes
configure:15200: gcc -c -g -O2  -Werror -Wmissing-prototypes  conftest.c >&5
configure:15200: $? = 0
configure:15212: result: yes
configure:15230: : AM_CFLAGS="$AM_CFLAGS"
configure:15233: $? = 0
configure:15187: checking whether C compiler accepts -Wstrict-prototypes
configure:15200: gcc -c -g -O2  -Werror -Wstrict-prototypes  conftest.c >&5
configure:15200: $? = 0
configure:15212: result: yes
configure:15230: : AM_CFLAGS="$AM_CFLAGS"
configure:15233: $? = 0
configure:15263: checking whether C compiler accepts -pedantic
configure:15276: gcc -c -g -O2  -Werror -pedantic  conftest.c >&5
configure:15276: $? = 0
configure:15288: result: yes
configure:15306: : AM_CFLAGS="$AM_CFLAGS"
configure:15309: $? = 0
configure:15263: checking whether C compiler accepts -Wduplicated-cond
configure:15276: gcc -c -g -O2  -Werror -Wduplicated-cond  conftest.c >&5
configure:15276: $? = 0
configure:15288: result: yes
configure:15306: : AM_CFLAGS="$AM_CFLAGS"
configure:15309: $? = 0
configure:15263: checking whether C compiler accepts -Wduplicated-branches
configure:15276: gcc -c -g -O2  -Werror -Wduplicated-branches  conftest.c >&5
configure:15276: $? = 0
configure:15288: result: yes
configure:15306: : AM_CFLAGS="$AM_CFLAGS"
configure:15309: $? = 0
configure:15263: checking whether C compiler accepts -Wlogical-op
configure:15276: gcc -c -g -O2  -Werror -Wlogical-op  conftest.c >&5
configure:15276: $? = 0
configure:15288: result: yes
configure:15306: : AM_CFLAGS="$AM_CFLAGS"
configure:15309: $? = 0
configure:15339: checking whether C compiler accepts -Wrestrict
configure:15352: gcc -c -g -O2  -Werror -Wrestrict  conftest.c >&5
configure:15352: $? = 0
configure:15364: result: yes
configure:15382: : AM_CFLAGS="$AM_CFLAGS"
configure:15385: $? = 0
configure:15339: checking whether C compiler accepts -Wnull-dereference
configure:15352: gcc -c -g -O2  -Werror -Wnull-dereference  conftest.c >&5
configure:15352: $? = 0
configure:15364: result: yes
configure:15382: : AM_CFLAGS="$AM_CFLAGS"
configure:15385: $? = 0
configure:15339: checking whether C compiler accepts -Wjump-misses-init
configure:15352: gcc -c -g -O2  -Werror -Wjump-misses-init  conftest.c >&5
configure:15352: $? = 0
configure:15364: result: yes
configure:15382: : AM_CFLAGS="$AM_CFLAGS"
configure:15385: $? = 0
configure:15339: checking whether C compiler accepts -Wdouble-promotion
configure:15352: gcc -c -g -O2  -Werror -Wdouble-promotion  conftest.c >&5
configure:15352: $? = 0
configure:15364: result: yes
configure:15382: : AM_CFLAGS="$AM_CFLAGS"
configure:15385: $? = 0
configure:15415: checking whether C compiler accepts -Wshadow
configure:15428: gcc -c -g -O2  -Werror -Wshadow  conftest.c >&5
configure:15428: $? = 0
configure:15440: result: yes
configure:15458: : AM_CFLAGS="$AM_CFLAGS"
configure:15461: $? = 0
configure:15415: checking whether C compiler accepts -Wformat=2
configure:15428: gcc -c -g -O2  -Werror -Wformat=2  conftest.c >&5
configure:15428: $? = 0
configure:15440: result: yes
configure:15458: : AM_CFLAGS="$AM_CFLAGS"
configure:15461: $? = 0
configure:15415: checking whether C compiler accepts -Wmisleading-indentation
configure:15428: gcc -c -g -O2  -Werror -Wmisleading-indentation  conftest.c >&5
configure:15428: $? = 0
configure:15440: result: yes
configure:15458: : AM_CFLAGS="$AM_CFLAGS"
configure:15461: $? = 0
configure:15645: checking for g++
configure:15666: found /usr/lib64/ccache/g++
configure:15678: result: g++
configure:15705: checking for C++ compiler version
configure:15714: g++ --version >&5
g++ (GCC) 15.3.1 20260722 (Red Hat 15.3.1-1)
Copyright (C) 2025 Free Software Foundation, Inc.
This is free software; see the source for copying conditions.  There is NO
warranty; not even for MERCHANTABILITY or FITNESS FOR A PARTICULAR PURPOSE.

configure:15725: $? = 0
configure:15714: g++ -v >&5
Using built-in specs.
COLLECT_GCC=/usr/bin/g++
COLLECT_LTO_WRAPPER=/usr/libexec/gcc/x86_64-redhat-linux/15/lto-wrapper
OFFLOAD_TARGET_NAMES=nvptx-none:amdgcn-amdhsa
OFFLOAD_TARGET_DEFAULT=1
Target: x86_64-redhat-linux
Configured with: ../configure --enable-bootstrap --enable-languages=c,c++,fortran,objc,obj-c++,ada,go,d,m2,cobol,lto --prefix=/usr --mandir=/usr/share/man --infodir=/usr/share/info --with-bugurl=https://bugzilla.redhat.com/ --enable-shared --enable-threads=posix --enable-checking=release --enable-multilib --with-system-zlib --enable-__cxa_atexit --disable-libunwind-exceptions --enable-gnu-unique-object --enable-linker-build-id --with-gcc-major-version-only --enable-libstdcxx-backtrace --with-libstdcxx-zoneinfo=/usr/share/zoneinfo --with-linker-hash-style=gnu --enable-plugin --enable-initfini-array --with-isl=/builddir/build/BUILD/gcc-15.3.1-build/gcc-15.3.1-20260722/obj-x86_64-redhat-linux/isl-install --enable-offload-targets=nvptx-none,amdgcn-amdhsa --enable-offload-defaulted --without-cuda-driver --enable-gnu-indirect-function --enable-cet --with-tune=generic --with-arch_32=i686 --build=x86_64-redhat-linux --with-build-config=bootstrap-lto --enable-link-serialization=1 --disable-libssp
Thread model: posix
Supported LTO compression algorithms: zlib zstd
gcc version 15.3.1 20260722 (Red Hat 15.3.1-1) (GCC) 
... rest of stderr output deleted ...
configure:15725: $? = 0
configure:15714: g++ -V >&5
g++: error: unrecognized command-line option '-V'
g++: fatal error: no input files
compilation terminated.
configure:15725: $? = 1
configure:15714: g++ -qversion >&5
g++: error: unrecognized command-line option '-qversion'; did you mean '--version'?
g++: fatal error: no input files
compilation terminated.
configure:15725: $? = 1
configure:15729: checking whether the compiler supports GNU C++
configure:15749: g++ -c   conftest.cpp >&5
configure:15749: $? = 0
configure:15761: result: yes
configure:15772: checking whether g++ accepts -g
configure:15793: g++ -c -g  conftest.cpp >&5
configure:15793: $? = 0
configure:15840: result: yes
configure:15860: checking for g++ option to enable C++11 features
configure:15875: g++  -c -g -O2  conftest.cpp >&5
conftest.cpp: In function 'int main(int, char**)':
conftest.cpp:190:25: warning: empty parentheses were disambiguated as a function declaration [-Wvexing-parse]
  190 |   cxx11test::delegate d2();
      |                         ^~
conftest.cpp:190:25: note: remove parentheses to default-initialize a variable
  190 |   cxx11test::delegate d2();
      |                         ^~
      |                         --
conftest.cpp:190:25: note: or replace parentheses with braces to value-initialize a variable
configure:15875: $? = 0
configure:15894: result: none needed
configure:15965: checking dependency style of g++
configure:16078: result: gcc3
configure:16111: checking how to run the C++ preprocessor
configure:16133: g++ -E  conftest.cpp
configure:16133: $? = 0
configure:16149: g++ -E  conftest.cpp
conftest.cpp:24:10: fatal error: ac_nonexistent.h: No such file or directory
   24 | #include <ac_nonexistent.h>
      |          ^~~~~~~~~~~~~~~~~~
compilation terminated.
configure:16149: $? = 1
configure: failed program was:
| /* confdefs.h */
| #define PACKAGE_NAME "expat"
| #define PACKAGE_TARNAME "expat"
| #define PACKAGE_VERSION "2.8.3"
| #define PACKAGE_STRING "expat 2.8.3"
| #define PACKAGE_BUGREPORT "https://github.com/libexpat/libexpat/issues"
| #define PACKAGE_URL ""
| #define PACKAGE "expat"
| #define VERSION "2.8.3"
| #define HAVE_STDIO_H 1
| #define HAVE_STDLIB_H 1
| #define HAVE_STRING_H 1
| #define HAVE_INTTYPES_H 1
| #define HAVE_STDINT_H 1
| #define HAVE_STRINGS_H 1
| #define HAVE_SYS_STAT_H 1
| #define HAVE_SYS_TYPES_H 1
| #define HAVE_UNISTD_H 1
| #define HAVE_SYS_PARAM_H 1
| #define STDC_HEADERS 1
| #define HAVE_DLFCN_H 1
| #define LT_OBJDIR ".libs/"
| /* end confdefs.h.  */
| #include <ac_nonexistent.h>
configure:16178: result: g++ -E
configure:16192: g++ -E  conftest.cpp
configure:16192: $? = 0
configure:16208: g++ -E  conftest.cpp
conftest.cpp:24:10: fatal error: ac_nonexistent.h: No such file or directory
   24 | #include <ac_nonexistent.h>
      |          ^~~~~~~~~~~~~~~~~~
compilation terminated.
configure:16208: $? = 1
configure: failed program was:
| /* confdefs.h */
| #define PACKAGE_NAME "expat"
| #define PACKAGE_TARNAME "expat"
| #define PACKAGE_VERSION "2.8.3"
| #define PACKAGE_STRING "expat 2.8.3"
| #define PACKAGE_BUGREPORT "https://github.com/libexpat/libexpat/issues"
| #define PACKAGE_URL ""
| #define PACKAGE "expat"
| #define VERSION "2.8.3"
| #define HAVE_STDIO_H 1
| #define HAVE_STDLIB_H 1
| #define HAVE_STRING_H 1
| #define HAVE_INTTYPES_H 1
| #define HAVE_STDINT_H 1
| #define HAVE_STRINGS_H 1
| #define HAVE_SYS_STAT_H 1
| #define HAVE_SYS_TYPES_H 1
| #define HAVE_UNISTD_H 1
| #define HAVE_SYS_PARAM_H 1
| #define STDC_HEADERS 1
| #define HAVE_DLFCN_H 1
| #define LT_OBJDIR ".libs/"
| /* end confdefs.h.  */
| #include <ac_nonexistent.h>
configure:16376: checking for ld used by g++
configure:16445: result: /usr/bin/ld -m elf_x86_64
configure:16452: checking if the linker (/usr/bin/ld -m elf_x86_64) is GNU ld
configure:16469: result: yes
configure:16523: checking whether the g++ linker (/usr/bin/ld -m elf_x86_64) supports shared libraries
configure:17611: result: yes
configure:17647: g++ -c -g -O2  conftest.cpp >&5
configure:17650: $? = 0
configure:18136: checking for g++ option to produce PIC
configure:18145: result: -fPIC -DPIC
configure:18153: checking if g++ PIC flag -fPIC -DPIC works
configure:18172: g++ -c -g -O2  -fPIC -DPIC -DPIC conftest.cpp >&5
configure:18176: $? = 0
configure:18190: result: yes
configure:18213: checking if g++ static flag -static works
configure:18243: result: no
configure:18255: checking if g++ supports -c -o file.o
configure:18277: g++ -c -g -O2  -o out/conftest2.o conftest.cpp >&5
configure:18281: $? = 0
configure:18304: result: yes
configure:18309: checking if g++ supports -c -o file.o
configure:18358: result: yes
configure:18388: checking whether the g++ linker (/usr/bin/ld -m elf_x86_64) supports shared libraries
configure:18428: result: yes
configure:18571: checking dynamic linker characteristics
configure:19878: result: GNU/Linux ld.so
configure:19943: checking how to hardcode library paths into programs
configure:19968: result: immediate
configure:20017: checking whether C++ compiler accepts -Wall
configure:20030: g++ -c -g -O2  -Werror -Wall  conftest.cpp >&5
configure:20030: $? = 0
configure:20042: result: yes
configure:20071: : AM_CXXFLAGS="$AM_CXXFLAGS"
configure:20074: $? = 0
configure:20017: checking whether C++ compiler accepts -Wextra
configure:20030: g++ -c -g -O2  -Werror -Wextra  conftest.cpp >&5
configure:20030: $? = 0
configure:20042: result: yes
configure:20060: : AM_CXXFLAGS="$AM_CXXFLAGS"
configure:20063: $? = 0
configure:20093: checking whether C++ compiler accepts -fexceptions
configure:20106: g++ -c -g -O2  -Werror -fexceptions  conftest.cpp >&5
configure:20106: $? = 0
configure:20118: result: yes
configure:20136: : AM_CXXFLAGS="$AM_CXXFLAGS"
configure:20139: $? = 0
configure:20169: checking whether C++ compiler accepts -Wstrict-aliasing=3
configure:20182: g++ -c -g -O2  -Werror -Wstrict-aliasing=3  conftest.cpp >&5
configure:20182: $? = 0
configure:20194: result: yes
configure:20212: : AM_CXXFLAGS="$AM_CXXFLAGS"
configure:20215: $? = 0
configure:20255: checking whether the linker accepts -Wstrict-aliasing=3
configure:20275: gcc -o conftest -g -O2    -Wstrict-aliasing=3 conftest.c  >&5
configure:20275: $? = 0
configure:20288: result: yes
configure:20317: : AM_LDFLAGS="$AM_LDFLAGS"
configure:20320: $? = 0
configure:20371: checking whether compiler supports visibility
configure:20387: gcc -c -g -O2 -fvisibility=hidden -Wall -Werror -Wno-unknown-warning-option  conftest.c >&5
configure:20387: $? = 0
configure:20395: result: yes
configure:20414: : AM_CFLAGS="$AM_CFLAGS"
configure:20417: $? = 0
configure:20461: : AM_CPPFLAGS="$AM_CPPFLAGS"
configure:20464: $? = 0
configure:20474: checking whether byte ordering is bigendian
configure:20490: gcc -c -g -O2  conftest.c >&5
conftest.c:25:16: error: unknown type name 'not'
   25 |                not a universal capable compiler
      |                ^~~
conftest.c:25:22: error: expected '=', ',', ';', 'asm' or '__attribute__' before 'universal'
   25 |                not a universal capable compiler
      |                      ^~~~~~~~~
conftest.c:25:22: error: unknown type name 'universal'
configure:20490: $? = 1
configure: failed program was:
| /* confdefs.h */
| #define PACKAGE_NAME "expat"
| #define PACKAGE_TARNAME "expat"
| #define PACKAGE_VERSION "2.8.3"
| #define PACKAGE_STRING "expat 2.8.3"
| #define PACKAGE_BUGREPORT "https://github.com/libexpat/libexpat/issues"
| #define PACKAGE_URL ""
| #define PACKAGE "expat"
| #define VERSION "2.8.3"
| #define HAVE_STDIO_H 1
| #define HAVE_STDLIB_H 1
| #define HAVE_STRING_H 1
| #define HAVE_INTTYPES_H 1
| #define HAVE_STDINT_H 1
| #define HAVE_STRINGS_H 1
| #define HAVE_SYS_STAT_H 1
| #define HAVE_SYS_TYPES_H 1
| #define HAVE_UNISTD_H 1
| #define HAVE_SYS_PARAM_H 1
| #define STDC_HEADERS 1
| #define HAVE_DLFCN_H 1
| #define LT_OBJDIR ".libs/"
| /* end confdefs.h.  */
| #ifndef __APPLE_CC__
| 	       not a universal capable compiler
| 	     #endif
| 	     typedef int dummy;
| 
configure:20536: gcc -c -g -O2  conftest.c >&5
configure:20536: $? = 0
configure:20555: gcc -c -g -O2  conftest.c >&5
conftest.c: In function 'main':
conftest.c:31:18: error: unknown type name 'not'; did you mean 'ino_t'?
   31 |                  not big endian
      |                  ^~~
      |                  ino_t
conftest.c:31:26: error: expected '=', ',', ';', 'asm' or '__attribute__' before 'endian'
   31 |                  not big endian
      |                          ^~~~~~
configure:20555: $? = 1
configure: failed program was:
| /* confdefs.h */
| #define PACKAGE_NAME "expat"
| #define PACKAGE_TARNAME "expat"
| #define PACKAGE_VERSION "2.8.3"
| #define PACKAGE_STRING "expat 2.8.3"
| #define PACKAGE_BUGREPORT "https://github.com/libexpat/libexpat/issues"
| #define PACKAGE_URL ""
| #define PACKAGE "expat"
| #define VERSION "2.8.3"
| #define HAVE_STDIO_H 1
| #define HAVE_STDLIB_H 1
| #define HAVE_STRING_H 1
| #define HAVE_INTTYPES_H 1
| #define HAVE_STDINT_H 1
| #define HAVE_STRINGS_H 1
| #define HAVE_SYS_STAT_H 1
| #define HAVE_SYS_TYPES_H 1
| #define HAVE_UNISTD_H 1
| #define HAVE_SYS_PARAM_H 1
| #define STDC_HEADERS 1
| #define HAVE_DLFCN_H 1
| #define LT_OBJDIR ".libs/"
| /* end confdefs.h.  */
| #include <sys/types.h>
| 		#include <sys/param.h>
| 
| int
| main (void)
| {
| #if BYTE_ORDER != BIG_ENDIAN
| 		 not big endian
| 		#endif
| 
|   ;
|   return 0;
| }
configure:20696: result: no
configure:20719: checking for an ANSI C-conforming const
configure:20786: gcc -c -g -O2  conftest.c >&5
configure:20786: $? = 0
configure:20796: result: yes
configure:20885: checking whether g++ supports C++11 features with -std=c++11
configure:21188: g++ -std=c++11 -c -g -O2  conftest.cpp >&5
configure:21188: $? = 0
configure:21200: result: yes
configure:21396: checking for cos in -lm
configure:21425: gcc -o conftest -g -O2   conftest.c -lm   >&5
conftest.c:36:6: warning: conflicting types for built-in function 'cos'; expected 'double(double)' [-Wbuiltin-declaration-mismatch]
   36 | char cos (void);
      |      ^~~
conftest.c:1:1: note: 'cos' is declared in header '<math.h>'
    1 | /* confdefs.h */
configure:21425: $? = 0
configure:21437: result: yes
configure:21476: checking for arc4random_buf (BSD or glibc 2.36+)
configure:21492: gcc -o conftest -g -O2   conftest.c  >&5
configure:21492: $? = 0
configure:21498: result: yes
configure:21515: checking for arc4random (BSD, macOS, or glibc 2.36+)
configure:21530: gcc -o conftest -g -O2   conftest.c  >&5
configure:21530: $? = 0
configure:21536: result: yes
configure:21583: checking for getentropy (BSD, macOS 10.12+, glibc 2.25+)
configure:21607: gcc -o conftest -g -O2   conftest.c  >&5
configure:21607: $? = 0
configure:21613: result: yes
configure:21654: checking for getrandom (Linux 3.17+, glibc 2.25+)
configure:21666: gcc -o conftest -g -O2   conftest.c  >&5
configure:21666: $? = 0
configure:21673: result: yes
configure:21701: checking for syscall SYS_getrandom (Linux 3.17+)
configure:21716: gcc -o conftest -g -O2   conftest.c  >&5
configure:21716: $? = 0
configure:21723: result: yes
configure:21747: checking for fcntl.h
configure:21747: gcc -c -g -O2  conftest.c >&5
configure:21747: $? = 0
configure:21747: result: yes
configure:21753: checking for unistd.h
configure:21753: result: yes
configure:21760: checking for off_t
configure:21760: gcc -c -g -O2  conftest.c >&5
configure:21760: $? = 0
configure:21760: gcc -c -g -O2  conftest.c >&5
conftest.c: In function 'main':
conftest.c:64:20: error: expected expression before ')' token
   64 | if (sizeof ((off_t)))
      |                    ^
configure:21760: $? = 1
configure: failed program was:
| /* confdefs.h */
| #define PACKAGE_NAME "expat"
| #define PACKAGE_TARNAME "expat"
| #define PACKAGE_VERSION "2.8.3"
| #define PACKAGE_STRING "expat 2.8.3"
| #define PACKAGE_BUGREPORT "https://github.com/libexpat/libexpat/issues"
| #define PACKAGE_URL ""
| #define PACKAGE "expat"
| #define VERSION "2.8.3"
| #define HAVE_STDIO_H 1
| #define HAVE_STDLIB_H 1
| #define HAVE_STRING_H 1
| #define HAVE_INTTYPES_H 1
| #define HAVE_STDINT_H 1
| #define HAVE_STRINGS_H 1
| #define HAVE_SYS_STAT_H 1
| #define HAVE_SYS_TYPES_H 1
| #define HAVE_UNISTD_H 1
| #define HAVE_SYS_PARAM_H 1
| #define STDC_HEADERS 1
| #define HAVE_DLFCN_H 1
| #define LT_OBJDIR ".libs/"
| #define BYTEORDER 1234
| #define HAVE_CXX11 1
| #define HAVE_ARC4RANDOM_BUF 1
| #define HAVE_ARC4RANDOM 1
| #define HAVE_GETENTROPY 1
| #define HAVE_GETRANDOM 1
| #define HAVE_SYSCALL_GETRANDOM 1
| #define HAVE_FCNTL_H 1
| #define HAVE_UNISTD_H 1
| /* end confdefs.h.  */
| #include <stddef.h>
| #ifdef HAVE_STDIO_H
| # include <stdio.h>
| #endif
| #ifdef HAVE_STDLIB_H
| # include <stdlib.h>
| #endif
| #ifdef HAVE_STRING_H
| # include <string.h>
| #endif
| #ifdef HAVE_INTTYPES_H
| # include <inttypes.h>
| #endif
| #ifdef HAVE_STDINT_H
| # include <stdint.h>
| #endif
| #ifdef HAVE_STRINGS_H
| # include <strings.h>
| #endif
| #ifdef HAVE_SYS_TYPES_H
| # include <sys/types.h>
| #endif
| #ifdef HAVE_SYS_STAT_H
| # include <sys/stat.h>
| #endif
| #ifdef HAVE_UNISTD_H
| # include <unistd.h>
| #endif
| int
| main (void)
| {
| if (sizeof ((off_t)))
| 	    return 0;
|   ;
|   return 0;
| }
configure:21760: result: yes
configure:21776: checking for getpagesize
configure:21776: gcc -o conftest -g -O2   conftest.c  >&5
configure:21776: $? = 0
configure:21776: result: yes
configure:21787: checking for working mmap
configure:21937: gcc -o conftest -g -O2   conftest.c  >&5
configure:21937: $? = 0
configure:21937: ./conftest
configure:21937: $? = 0
configure:21951: result: yes
configure:22056: checking for docbook2x-man
configure:22089: result: xmlto man --skip-validation
configure:22281: gcc -o conftest -g -O2   conftest.c  >&5
configure:22281: $? = 0
configure:22281: ./conftest
configure:22281: $? = 0
configure:22293: checking for shared library name prefix
configure:22301: result: lib
configure:22435: checking that generated files are newer than configure
configure:22441: result: done
configure:22577: creating ./config.status

## ---------------------- ##
## Running config.status. ##
## ---------------------- ##

This file was extended by expat config.status 2.8.3, which was
generated by GNU Autoconf 2.72.  Invocation command line was

  CONFIG_FILES    = 
  CONFIG_HEADERS  = 
  CONFIG_LINKS    = 
  CONFIG_COMMANDS = 
  $ ./config.status 

on fedora

config.status:1270: creating Makefile
config.status:1270: creating expat.pc
config.status:1270: creating cmake/expat-config.cmake
config.status:1270: creating cmake/autotools/expat.cmake
config.status:1270: creating cmake/autotools/expat-config-version.cmake
config.status:1270: creating cmake/autotools/expat-noconfig.cmake
config.status:1270: creating doc/Makefile
config.status:1270: creating examples/Makefile
config.status:1270: creating lib/Makefile
config.status:1270: creating lib/libexpat.map
config.status:1270: creating tests/Makefile
config.status:1270: creating tests/benchmark/Makefile
config.status:1270: creating xmlwf/Makefile
config.status:1270: creating run.sh
config.status:1270: creating expat_config.h
config.status:1456: expat_config.h is unchanged
config.status:1504: executing depfiles commands
config.status:1579: cd examples       && sed -e '/# am--include-marker/d' Makefile         | make -f - am--depfiles
config.status:1586: $? = 0
config.status:1579: cd lib       && sed -e '/# am--include-marker/d' Makefile         | make -f - am--depfiles
config.status:1586: $? = 0
config.status:1579: cd tests       && sed -e '/# am--include-marker/d' Makefile         | make -f - am--depfiles
config.status:1586: $? = 0
config.status:1579: cd tests/benchmark       && sed -e '/# am--include-marker/d' Makefile         | make -f - am--depfiles
config.status:1586: $? = 0
config.status:1579: cd xmlwf       && sed -e '/# am--include-marker/d' Makefile         | make -f - am--depfiles
config.status:1586: $? = 0
config.status:1504: executing libtool commands
configure:25054:

Automake flags (can be overridden by user flags):
  AM_CPPFLAGS: -DXML_ENABLE_VISIBILITY=1
    AM_CFLAGS: -Wall -Wextra -fexceptions -Wstrict-aliasing=3 -Wmissing-prototypes -Wstrict-prototypes -pedantic -Wduplicated-cond -Wduplicated-branches -Wlogical-op -Wrestrict -Wnull-dereference -Wjump-misses-init -Wdouble-promotion -Wshadow -Wformat=2 -Wmisleading-indentation -fvisibility=hidden
  AM_CXXFLAGS: -Wall -Wextra -fexceptions -Wstrict-aliasing=3
   AM_LDFLAGS: -Wstrict-aliasing=3

User flags (override Automake flags on conflict):
     CPPFLAGS: 
       CFLAGS: -g -O2
     CXXFLAGS: -g -O2
      LDFLAGS: 

Entropy sources:
             arc4random: true
         arc4random_buf: true
             getentropy: true
              getrandom: true
  syscall SYS_getrandom: true
           /dev/urandom: false

Continue with e.g.:
  make -j2
  make check
  sudo make install

## ---------------- ##
## Cache variables. ##
## ---------------- ##

ac_cv_build=x86_64-pc-linux-gnu
ac_cv_c_bigendian=no
ac_cv_c_compiler_gnu=yes
ac_cv_c_const=yes
ac_cv_cxx_compiler_gnu=yes
ac_cv_env_CCC_set=
ac_cv_env_CCC_value=
ac_cv_env_CC_set=
ac_cv_env_CC_value=
ac_cv_env_CFLAGS_set=
ac_cv_env_CFLAGS_value=
ac_cv_env_CPPFLAGS_set=
ac_cv_env_CPPFLAGS_value=
ac_cv_env_CXXCPP_set=
ac_cv_env_CXXCPP_value=
ac_cv_env_CXXFLAGS_set=
ac_cv_env_CXXFLAGS_value=
ac_cv_env_CXX_set=
ac_cv_env_CXX_value=
ac_cv_env_DOCBOOK_TO_MAN_set=set
ac_cv_env_DOCBOOK_TO_MAN_value='xmlto man --skip-validation'
ac_cv_env_LDFLAGS_set=
ac_cv_env_LDFLAGS_value=
ac_cv_env_LIBS_set=
ac_cv_env_LIBS_value=
ac_cv_env_LT_SYS_LIBRARY_PATH_set=
ac_cv_env_LT_SYS_LIBRARY_PATH_value=
ac_cv_env_build_alias_set=
ac_cv_env_build_alias_value=
ac_cv_env_host_alias_set=
ac_cv_env_host_alias_value=
ac_cv_env_target_alias_set=
ac_cv_env_target_alias_value=
ac_cv_func_getpagesize=yes
ac_cv_func_mmap_fixed_mapped=yes
ac_cv_header_dlfcn_h=yes
ac_cv_header_fcntl_h=yes
ac_cv_header_inttypes_h=yes
ac_cv_header_stdint_h=yes
ac_cv_header_stdio_h=yes
ac_cv_header_stdlib_h=yes
ac_cv_header_string_h=yes
ac_cv_header_strings_h=yes
ac_cv_header_sys_param_h=yes
ac_cv_header_sys_stat_h=yes
ac_cv_header_sys_types_h=yes
ac_cv_header_unistd_h=yes
ac_cv_host=x86_64-pc-linux-gnu
ac_cv_lib_m_cos=yes
ac_cv_objext=o
ac_cv_path_EGREP='/usr/bin/grep -E'
ac_cv_path_EGREP_TRADITIONAL='/usr/bin/grep -E'
ac_cv_path_FGREP='/usr/bin/grep -F'
ac_cv_path_GREP=/usr/bin/grep
ac_cv_path_SED=/usr/bin/sed
ac_cv_path_install='/usr/bin/install -c'
ac_cv_path_lt_DD=/usr/bin/dd
ac_cv_path_mkdir=/usr/bin/mkdir
ac_cv_prog_AWK=gawk
ac_cv_prog_CXXCPP='g++ -E'
ac_cv_prog_DOCBOOK_TO_MAN='xmlto man --skip-validation'
ac_cv_prog_FILECMD=file
ac_cv_prog_ac_ct_AR=ar
ac_cv_prog_ac_ct_CC=gcc
ac_cv_prog_ac_ct_CXX=g++
ac_cv_prog_ac_ct_OBJDUMP=objdump
ac_cv_prog_ac_ct_RANLIB=ranlib
ac_cv_prog_ac_ct_STRIP=strip
ac_cv_prog_cc_c11=
ac_cv_prog_cc_g=yes
ac_cv_prog_cc_stdc=
ac_cv_prog_cxx_cxx11=
ac_cv_prog_cxx_g=yes
ac_cv_prog_cxx_stdcxx=
ac_cv_prog_make_make_set=yes
ac_cv_type_off_t=yes
am_cv_CC_dependencies_compiler_type=gcc3
am_cv_CXX_dependencies_compiler_type=gcc3
am_cv_ar_interface=ar
am_cv_filesystem_timestamp_resolution=0.01
am_cv_make_support_nested_variables=yes
am_cv_prog_cc_c_o=yes
am_cv_prog_tar_ustar=gnutar
am_cv_sleep_fractional_seconds=yes
am_cv_xargs_n_works=yes
ax_cv_check_cflags___Wall=yes
ax_cv_check_cflags___Wdouble_promotion=yes
ax_cv_check_cflags___Wduplicated_branches=yes
ax_cv_check_cflags___Wduplicated_cond=yes
ax_cv_check_cflags___Wextra=yes
ax_cv_check_cflags___Wformat_2=yes
ax_cv_check_cflags___Wjump_misses_init=yes
ax_cv_check_cflags___Wlogical_op=yes
ax_cv_check_cflags___Wmisleading_indentation=yes
ax_cv_check_cflags___Wmissing_prototypes=yes
ax_cv_check_cflags___Wnull_dereference=yes
ax_cv_check_cflags___Wrestrict=yes
ax_cv_check_cflags___Wshadow=yes
ax_cv_check_cflags___Wstrict_aliasing_3=yes
ax_cv_check_cflags___Wstrict_prototypes=yes
ax_cv_check_cflags___fexceptions=yes
ax_cv_check_cflags___pedantic=yes
ax_cv_check_cxxflags___Wall=yes
ax_cv_check_cxxflags___Wextra=yes
ax_cv_check_cxxflags___Wstrict_aliasing_3=yes
ax_cv_check_cxxflags___fexceptions=yes
ax_cv_check_ldflags___Wstrict_aliasing_3=yes
ax_cv_cxx_compile_cxx11__std_cpp11=yes
expatcfg_cv_compiler_supports_visibility=yes
lt_cv_ar_at_file=@
lt_cv_archive_cmds_need_lc=no
lt_cv_deplibs_check_method=pass_all
lt_cv_file_magic_cmd='$MAGIC_CMD'
lt_cv_file_magic_test_file=
lt_cv_ld_reload_flag=-r
lt_cv_nm_interface='BSD nm'
lt_cv_objdir=.libs
lt_cv_path_LD=/usr/bin/ld
lt_cv_path_LDCXX='/usr/bin/ld -m elf_x86_64'
lt_cv_path_NM='/usr/bin/nm -B'
lt_cv_path_manifest_tool=no
lt_cv_prog_compiler_c_o=yes
lt_cv_prog_compiler_c_o_CXX=yes
lt_cv_prog_compiler_pic='-fPIC -DPIC'
lt_cv_prog_compiler_pic_CXX='-fPIC -DPIC'
lt_cv_prog_compiler_pic_works=yes
lt_cv_prog_compiler_pic_works_CXX=yes
lt_cv_prog_compiler_rtti_exceptions=no
lt_cv_prog_compiler_static_works=no
lt_cv_prog_compiler_static_works_CXX=no
lt_cv_prog_gnu_ld=yes
lt_cv_prog_gnu_ldcxx=yes
lt_cv_sharedlib_from_linklib_cmd='printf %s\n'
lt_cv_shlibpath_overrides_runpath=yes
lt_cv_sys_global_symbol_pipe='/usr/bin/sed -n -e '\''s/^.*[	 ]\([ABCDGIRSTW][ABCDGIRSTW]*\)[	 ][	 ]*\([_A-Za-z][_A-Za-z0-9]*\)$/\1 \2 \2/p'\'' | /usr/bin/sed '\''/ __gnu_lto/d'\'''
lt_cv_sys_global_symbol_to_c_name_address='/usr/bin/sed -n -e '\''s/^: \(.*\) .*$/  {"\1", (void *) 0},/p'\'' -e '\''s/^[ABCDGIRSTW][ABCDGIRSTW]* .* \(.*\)$/  {"\1", (void *) \&\1},/p'\'''
lt_cv_sys_global_symbol_to_c_name_address_lib_prefix='/usr/bin/sed -n -e '\''s/^: \(.*\) .*$/  {"\1", (void *) 0},/p'\'' -e '\''s/^[ABCDGIRSTW][ABCDGIRSTW]* .* \(lib.*\)$/  {"\1", (void *) \&\1},/p'\'' -e '\''s/^[ABCDGIRSTW][ABCDGIRSTW]* .* \(.*\)$/  {"lib\1", (void *) \&\1},/p'\'''
lt_cv_sys_global_symbol_to_cdecl='/usr/bin/sed -n -e '\''s/^T .* \(.*\)$/extern int \1();/p'\'' -e '\''s/^[ABCDGIRSTW][ABCDGIRSTW]* .* \(.*\)$/extern char \1;/p'\'''
lt_cv_sys_global_symbol_to_import=
lt_cv_sys_max_cmd_len=1572864
lt_cv_to_host_file_cmd=func_convert_file_noop
lt_cv_to_tool_file_cmd=func_convert_file_noop
lt_cv_truncate_bin='/usr/bin/dd bs=4096 count=1'

## ----------------- ##
## Output variables. ##
## ----------------- ##

ACLOCAL='${SHELL} '\''/home/josh/work/qtwebengine-chromium/chromium/third_party/expat/src/expat/conftools/missing'\'' aclocal-1.18'
AMDEPBACKSLASH='\'
AMDEP_FALSE='#'
AMDEP_TRUE=''
AMTAR='$${TAR-tar}'
AM_BACKSLASH='\'
AM_CFLAGS='-Wall -Wextra -fexceptions -Wstrict-aliasing=3 -Wmissing-prototypes -Wstrict-prototypes -pedantic -Wduplicated-cond -Wduplicated-branches -Wlogical-op -Wrestrict -Wnull-dereference -Wjump-misses-init -Wdouble-promotion -Wshadow -Wformat=2 -Wmisleading-indentation -fvisibility=hidden'
AM_CPPFLAGS='-DXML_ENABLE_VISIBILITY=1'
AM_CXXFLAGS='-Wall -Wextra -fexceptions -Wstrict-aliasing=3'
AM_DEFAULT_V='$(AM_DEFAULT_VERBOSITY)'
AM_DEFAULT_VERBOSITY='1'
AM_LDFLAGS='-Wstrict-aliasing=3'
AM_V='$(V)'
AR='ar'
AS='as'
AUTOCONF='${SHELL} '\''/home/josh/work/qtwebengine-chromium/chromium/third_party/expat/src/expat/conftools/missing'\'' autoconf'
AUTOHEADER='${SHELL} '\''/home/josh/work/qtwebengine-chromium/chromium/third_party/expat/src/expat/conftools/missing'\'' autoheader'
AUTOMAKE='${SHELL} '\''/home/josh/work/qtwebengine-chromium/chromium/third_party/expat/src/expat/conftools/missing'\'' automake-1.18'
AWK='gawk'
CC='gcc'
CCDEPMODE='depmode=gcc3'
CFLAGS='-g -O2'
CMAKE_SHARED_LIBRARY_PREFIX='lib'
CPPFLAGS=''
CSCOPE='cscope'
CTAGS='ctags'
CXX='g++ -std=c++11'
CXXCPP='g++ -E -std=c++11'
CXXDEPMODE='depmode=gcc3'
CXXFLAGS='-g -O2'
CYGPATH_W='echo'
DEFS='-DHAVE_CONFIG_H'
DEPDIR='.deps'
DLLTOOL='false'
DOCBOOK_TO_MAN='xmlto man --skip-validation'
DSYMUTIL=''
DUMPBIN=''
ECHO_C=''
ECHO_N='-n'
ECHO_T=''
EGREP='/usr/bin/grep -E'
ETAGS='etags'
EXEEXT=''
EXPAT_ATTR_INFO='OFF'
EXPAT_CHAR_TYPE='char'
EXPAT_CONTEXT_BYTES='1024'
EXPAT_DTD='ON'
EXPAT_LARGE_SIZE='OFF'
EXPAT_MIN_SIZE='OFF'
EXPAT_NS='ON'
FGREP='/usr/bin/grep -F'
FILECMD='file'
FILEMAP='unixfilemap'
GREP='/usr/bin/grep'
HAVE_CXX11='1'
HAVE_VSCRIPT_FALSE=''
HAVE_VSCRIPT_TRUE='#'
INSTALL_DATA='${INSTALL} -m 644'
INSTALL_PROGRAM='${INSTALL}'
INSTALL_SCRIPT='${INSTALL}'
INSTALL_STRIP_PROGRAM='$(install_sh) -c -s'
LD='/usr/bin/ld -m elf_x86_64'
LDFLAGS=''
LIBAGE='12'
LIBCURRENT='13'
LIBDIR_BASENAME='lib'
LIBM='-lm'
LIBOBJS=''
LIBREVISION='3'
LIBS=''
LIBTOOL='$(SHELL) $(top_builddir)/libtool'
LIPO=''
LN_S='ln -s'
LTLIBOBJS=''
LT_SYS_LIBRARY_PATH=''
MAINT=''
MAINTAINER_MODE_FALSE='#'
MAINTAINER_MODE_TRUE=''
MAKEINFO='${SHELL} '\''/home/josh/work/qtwebengine-chromium/chromium/third_party/expat/src/expat/conftools/missing'\'' makeinfo'
MANIFEST_TOOL=':'
MINGW_FALSE=''
MINGW_TRUE='#'
MKDIR_P='/usr/bin/mkdir -p'
NM='/usr/bin/nm -B'
NMEDIT=''
OBJDUMP='objdump'
OBJEXT='o'
OTOOL64=''
OTOOL=''
PACKAGE='expat'
PACKAGE_BUGREPORT='https://github.com/libexpat/libexpat/issues'
PACKAGE_NAME='expat'
PACKAGE_STRING='expat 2.8.3'
PACKAGE_TARNAME='expat'
PACKAGE_URL=''
PACKAGE_VERSION='2.8.3'
PATH_SEPARATOR=':'
RANLIB='ranlib'
SED='/usr/bin/sed'
SET_MAKE=''
SHELL='/bin/sh'
SIZEOF_VOID_P='8'
SO_MAJOR='1'
SO_MINOR='12'
SO_PATCH='3'
STRIP='strip'
UNICODE_FALSE=''
UNICODE_TRUE='#'
VERSION='2.8.3'
VSCRIPT_LDFLAGS=''
WITH_ARC4RANDOM_BUF_FALSE='#'
WITH_ARC4RANDOM_BUF_TRUE=''
WITH_ARC4RANDOM_FALSE='#'
WITH_ARC4RANDOM_TRUE=''
WITH_DISTRIBUTABLE_MANPAGE_FALSE='#'
WITH_DISTRIBUTABLE_MANPAGE_TRUE=''
WITH_EITHER_GETRANDOM_FALSE='#'
WITH_EITHER_GETRANDOM_TRUE=''
WITH_EXAMPLES_FALSE='#'
WITH_EXAMPLES_TRUE=''
WITH_GETENTROPY_FALSE='#'
WITH_GETENTROPY_TRUE=''
WITH_MANPAGE_FALSE='#'
WITH_MANPAGE_TRUE=''
WITH_PREBUILT_MANPAGE_FALSE=''
WITH_PREBUILT_MANPAGE_TRUE='#'
WITH_TESTS_FALSE='#'
WITH_TESTS_TRUE=''
WITH_XMLWF_FALSE='#'
WITH_XMLWF_TRUE=''
_EXPAT_COMMENT_ATTR_INFO='#'
_EXPAT_COMMENT_DTD_OR_GE=' '
_INTERNAL_LARGE_SIZE_FALSE=''
_INTERNAL_LARGE_SIZE_TRUE='#'
_INTERNAL_MIN_SIZE_FALSE=''
_INTERNAL_MIN_SIZE_TRUE='#'
_INTERNAL_UNICODE_WCHAR_T_FALSE=''
_INTERNAL_UNICODE_WCHAR_T_TRUE='#'
ac_ct_AR='ar'
ac_ct_CC='gcc'
ac_ct_CXX='g++'
ac_ct_DUMPBIN=''
am__EXEEXT_FALSE=''
am__EXEEXT_TRUE='#'
am__fastdepCC_FALSE='#'
am__fastdepCC_TRUE=''
am__fastdepCXX_FALSE='#'
am__fastdepCXX_TRUE=''
am__include='include'
am__isrc=''
am__leading_dot='.'
am__nodep='_no'
am__quote=''
am__rm_f_notfound=''
am__tar='tar --format=ustar -chf - "$$tardir"'
am__untar='tar -xf -'
am__xargs_n='xargs -n'
bindir='${exec_prefix}/bin'
build='x86_64-pc-linux-gnu'
build_alias=''
build_cpu='x86_64'
build_os='linux-gnu'
build_vendor='pc'
datadir='${datarootdir}'
datarootdir='${prefix}/share'
docdir='${datarootdir}/doc/${PACKAGE_TARNAME}'
dvidir='${docdir}'
exec_prefix='${prefix}'
host='x86_64-pc-linux-gnu'
host_alias=''
host_cpu='x86_64'
host_os='linux-gnu'
host_vendor='pc'
htmldir='${docdir}'
includedir='${prefix}/include'
infodir='${datarootdir}/info'
install_sh='${SHELL} /home/josh/work/qtwebengine-chromium/chromium/third_party/expat/src/expat/conftools/install-sh'
libdir='${exec_prefix}/lib'
libexecdir='${exec_prefix}/libexec'
localedir='${datarootdir}/locale'
localstatedir='${prefix}/var'
mandir='${datarootdir}/man'
mkdir_p='$(MKDIR_P)'
oldincludedir='/usr/include'
pdfdir='${docdir}'
prefix='/usr/local'
program_transform_name='s,x,x,'
psdir='${docdir}'
runstatedir='${localstatedir}/run'
sbindir='${exec_prefix}/sbin'
sharedstatedir='${prefix}/com'
sysconfdir='${prefix}/etc'
target_alias=''

## ------------------- ##
## File substitutions. ##
## ------------------- ##

PACKAGE_INIT='./cmake/autotools/expat-package-init.cmake'

## ----------- ##
## confdefs.h. ##
## ----------- ##

/* confdefs.h */
#define PACKAGE_NAME "expat"
#define PACKAGE_TARNAME "expat"
#define PACKAGE_VERSION "2.8.3"
#define PACKAGE_STRING "expat 2.8.3"
#define PACKAGE_BUGREPORT "https://github.com/libexpat/libexpat/issues"
#define PACKAGE_URL ""
#define PACKAGE "expat"
#define VERSION "2.8.3"
#define HAVE_STDIO_H 1
#define HAVE_STDLIB_H 1
#define HAVE_STRING_H 1
#define HAVE_INTTYPES_H 1
#define HAVE_STDINT_H 1
#define HAVE_STRINGS_H 1
#define HAVE_SYS_STAT_H 1
#define HAVE_SYS_TYPES_H 1
#define HAVE_UNISTD_H 1
#define HAVE_SYS_PARAM_H 1
#define STDC_HEADERS 1
#define HAVE_DLFCN_H 1
#define LT_OBJDIR ".libs/"
#define BYTEORDER 1234
#define HAVE_CXX11 1
#define HAVE_ARC4RANDOM_BUF 1
#define HAVE_ARC4RANDOM 1
#define HAVE_GETENTROPY 1
#define HAVE_GETRANDOM 1
#define HAVE_SYSCALL_GETRANDOM 1
#define HAVE_FCNTL_H 1
#define HAVE_UNISTD_H 1
#define HAVE_GETPAGESIZE 1
#define HAVE_MMAP 1
#define XML_NS 1
#define XML_GE 1
#define XML_DTD 1
#define XML_CONTEXT_BYTES 1024

configure: exit 0
